2026-05-21 08:35:51,879 INFO o.a.j.u.JMeterUtils: Setting Locale to en_EN
2026-05-21 08:35:51,946 INFO o.a.j.JMeter: Loading user properties from: C:\jmeter\apache-jmeter-5.6.3\bin\user.properties
2026-05-21 08:35:51,972 INFO o.a.j.JMeter: Loading system properties from: C:\jmeter\apache-jmeter-5.6.3\bin\system.properties
2026-05-21 08:35:51,991 INFO o.a.j.JMeter: Copyright (c) 1998-2024 The Apache Software Foundation
2026-05-21 08:35:51,993 INFO o.a.j.JMeter: Version 5.6.3
2026-05-21 08:35:51,993 INFO o.a.j.JMeter: java.version=25.0.3
2026-05-21 08:35:51,993 INFO o.a.j.JMeter: java.vm.name=OpenJDK 64-Bit Server VM
2026-05-21 08:35:51,993 INFO o.a.j.JMeter: os.name=Windows 11
2026-05-21 08:35:51,993 INFO o.a.j.JMeter: os.arch=amd64
2026-05-21 08:35:51,993 INFO o.a.j.JMeter: os.version=10.0
2026-05-21 08:35:51,993 INFO o.a.j.JMeter: file.encoding=UTF-8
2026-05-21 08:35:51,995 INFO o.a.j.JMeter: java.awt.headless=null
2026-05-21 08:35:51,995 INFO o.a.j.JMeter: Max memory     =1073741824
2026-05-21 08:35:51,995 INFO o.a.j.JMeter: Available Processors =4
2026-05-21 08:35:52,022 INFO o.a.j.JMeter: Default Locale=English (EN)
2026-05-21 08:35:52,022 INFO o.a.j.JMeter: JMeter  Locale=English (EN)
2026-05-21 08:35:52,022 INFO o.a.j.JMeter: JMeterHome=C:\jmeter\apache-jmeter-5.6.3
2026-05-21 08:35:52,022 INFO o.a.j.JMeter: user.dir  =C:\Users\user\Documents\dog-api-test-suite
2026-05-21 08:35:52,022 INFO o.a.j.JMeter: PWD       =C:\Users\user\Documents\dog-api-test-suite
2026-05-21 08:35:52,036 INFO o.a.j.JMeter: IP: 192.168.0.103 Name: DESKTOP-C7AEG7N FullName: DESKTOP-C7AEG7N
2026-05-21 08:35:52,055 INFO o.a.j.JMeter: Loaded icon properties from org/apache/jmeter/images/icon.properties
2026-05-21 08:35:52,470 INFO o.a.j.JMeterGuiLauncher: Setting LAF to: com.github.weisj.darklaf.DarkLaf:com.github.weisj.darklaf.theme.DarculaTheme
2026-05-21 08:35:55,790 INFO o.a.j.JMeterGuiLauncher: Loading file: C:\Users\user\Documents\dog-api-test-suite\performance\DogAPI-JMeter-Test .jmx
2026-05-21 08:35:55,810 INFO o.a.j.s.FileServer: Default base='C:\Users\user\Documents\dog-api-test-suite'
2026-05-21 08:35:55,810 INFO o.a.j.s.FileServer: Set new base='C:\Users\user\Documents\dog-api-test-suite\performance'
2026-05-21 08:35:56,933 INFO o.a.j.s.SaveService: Testplan (JMX) version: 2.2. Testlog (JTL) version: 2.2
2026-05-21 08:35:56,990 INFO o.a.j.s.SaveService: Using SaveService properties version 5.0
2026-05-21 08:35:56,999 INFO o.a.j.s.SaveService: Using SaveService properties file encoding UTF-8
2026-05-21 08:35:57,004 INFO o.a.j.s.SaveService: Loading file: C:\Users\user\Documents\dog-api-test-suite\performance\DogAPI-JMeter-Test .jmx
2026-05-21 08:35:57,091 INFO o.a.j.p.h.s.HTTPSamplerBase: Parser for text/html is org.apache.jmeter.protocol.http.parser.LagartoBasedHtmlParser
2026-05-21 08:35:57,091 INFO o.a.j.p.h.s.HTTPSamplerBase: Parser for application/xhtml+xml is org.apache.jmeter.protocol.http.parser.LagartoBasedHtmlParser
2026-05-21 08:35:57,091 INFO o.a.j.p.h.s.HTTPSamplerBase: Parser for application/xml is org.apache.jmeter.protocol.http.parser.LagartoBasedHtmlParser
2026-05-21 08:35:57,091 INFO o.a.j.p.h.s.HTTPSamplerBase: Parser for text/xml is org.apache.jmeter.protocol.http.parser.LagartoBasedHtmlParser
2026-05-21 08:35:57,091 INFO o.a.j.p.h.s.HTTPSamplerBase: Parser for text/vnd.wap.wml is org.apache.jmeter.protocol.http.parser.RegexpHTMLParser
2026-05-21 08:35:57,091 INFO o.a.j.p.h.s.HTTPSamplerBase: Parser for text/css is org.apache.jmeter.protocol.http.parser.CssParser
2026-05-21 08:35:57,156 INFO o.a.j.s.FileServer: Set new base='C:\Users\user\Documents\dog-api-test-suite\performance'
2026-05-21 08:35:57,845 INFO o.a.j.s.SampleResult: Note: Sample TimeStamps are START times
2026-05-21 08:35:57,845 INFO o.a.j.s.SampleResult: sampleresult.default.encoding is set to UTF-8
2026-05-21 08:35:57,845 INFO o.a.j.s.SampleResult: sampleresult.useNanoTime=true
2026-05-21 08:35:57,845 INFO o.a.j.s.SampleResult: sampleresult.nanoThreadSleep=5000
